******************************************************************************
                  TI ARM Linker Unix v20.2.4                   
******************************************************************************
>> Linked Tue Jun  8 15:12:52 2021

OUTPUT FILE NAME:   <lcd_i2c.out>
ENTRY POINT SYMBOL: "_c_int00_noargs"  address: 000012d1


MEMORY CONFIGURATION

         name            origin    length      used     unused   attr    fill
----------------------  --------  ---------  --------  --------  ----  --------
  FLASH                 00000000   00040000  00001562  0003ea9e  R  X
  SRAM                  20000000   00008000  0000024e  00007db2  RW X


SEGMENT ALLOCATION MAP

run origin  load origin   length   init length attrs members
----------  ----------- ---------- ----------- ----- -------
00000000    00000000    00001568   00001568    r-x
  00000000    00000000    0000026c   0000026c    r-- .intvecs
  0000026c    0000026c    000011b6   000011b6    r-x .text
  00001424    00001424    000000fc   000000fc    r-- .const
  00001520    00001520    00000004   00000004    r-- .init_array
  00001528    00001528    00000040   00000040    r-- .cinit
20000000    20000000    00000250   00000000    rw-
  20000000    20000000    00000200   00000000    rw- .stack
  20000200    20000200    00000028   00000000    rw- .data
  20000228    20000228    00000016   00000000    rw- .bss
  20000240    20000240    00000010   00000000    rw- .sysmem


SECTION ALLOCATION MAP

 output                                  attributes/
section   page    origin      length       input sections
--------  ----  ----------  ----------   ----------------
.intvecs   0    00000000    0000026c     
                  00000000    0000026c     tm4c123gh6pm_startup_ccs.obj (.intvecs)

.text      0    0000026c    000011b6     
                  0000026c    00000614     lcdI2C.obj (.text)
                  00000880    0000016c     driverlib.lib : gpio.obj (.text:GPIOPadConfigSet)
                  000009ec    00000118                   : sysctl.obj (.text:SysCtlClockGet)
                  00000b04    00000100     rtsv7M4_T_le_v4SPD16_eabi.lib : memory.c.obj (.text:aligned_alloc)
                  00000c04    00000100     main.obj (.text)
                  00000d04    000000f4     driverlib.lib : sysctl.obj (.text:SysCtlClockSet)
                  00000df8    000000e4     rtsv7M4_T_le_v4SPD16_eabi.lib : memory.c.obj (.text:free)
                  00000edc    0000009c                                   : memcpy_t2.asm.obj (.text)
                  00000f78    00000070                                   : memory.c.obj (.text:split)
                  00000fe8    00000068                                   : copy_decompress_lzss.c.obj (.text:decompress:lzss:__TI_decompress_lzss)
                  00001050    00000060                                   : autoinit.c.obj (.text:__TI_auto_init_nobinit:__TI_auto_init_nobinit)
                  000010b0    00000050     driverlib.lib : sysctl.obj (.text:SysCtlPeripheralReset)
                  00001100    0000004c                   : gpio.obj (.text:GPIOPinConfigure)
                  0000114c    0000004c                   : i2c.obj (.text:I2CMasterInitExpClk)
                  00001198    00000048     rtsv7M4_T_le_v4SPD16_eabi.lib : exit.c.obj (.text:exit)
                  000011e0    00000044                                   : dtor_list.c.obj (.text:_Z25__add_destruction_to_listPP20a_needed_destructionPFYvPvES2_S2_)
                  00001224    00000042                                   : dtor_list.c.obj (.text:_Z23__finalize_destructionsPP20a_needed_destructionPv)
                  00001266    00000002                                   : _lock.c.obj (.text:_nop)
                  00001268    00000034     driverlib.lib : sysctl.obj (.text:SysCtlPeripheralEnable)
                  0000129c    00000034     rtsv7M4_T_le_v4SPD16_eabi.lib : dtor_list.c.obj (.text:__aeabi_atexit)
                  000012d0    00000034                                   : boot_cortex_m.c.obj (.text:_c_int00_noargs:_c_int00_noargs)
                  00001304    0000002c     driverlib.lib : gpio.obj (.text:GPIODirModeSet)
                  00001330    00000028     rtsv7M4_T_le_v4SPD16_eabi.lib : memory.c.obj (.text:free_list_insert)
                  00001358    0000001c                                   : copy_zero_init.c.obj (.text:decompress:ZI:__TI_zero_init_nomemset:__TI_zero_init_nomemset)
                  00001374    0000001c                                   : memory.c.obj (.text:free_list_remove)
                  00001390    00000016     driverlib.lib : gpio.obj (.text:GPIOPinTypeI2C)
                  000013a6    00000016                   : gpio.obj (.text:GPIOPinTypeI2CSCL)
                  000013bc    0000000e     rtsv7M4_T_le_v4SPD16_eabi.lib : copy_decompress_none.c.obj (.text:decompress:none:__TI_decompress_none)
                  000013ca    00000002     --HOLE-- [fill = 0]
                  000013cc    0000000c                                   : dtor_list.c.obj (.text:__cxa_finalize)
                  000013d8    0000000c     tm4c123gh6pm_startup_ccs.obj (.text)
                  000013e4    0000000a     driverlib.lib : i2c.obj (.text:I2CMasterEnable)
                  000013ee    00000008                   : i2c.obj (.text:I2CMasterBusy)
                  000013f6    00000008                   : i2c.obj (.text:I2CMasterSlaveAddrSet)
                  000013fe    00000008     rtsv7M4_T_le_v4SPD16_eabi.lib : memory.c.obj (.text:malloc)
                  00001406    00000006     driverlib.lib : sysctl.obj (.text:SysCtlDelay)
                  0000140c    00000006     rtsv7M4_T_le_v4SPD16_eabi.lib : dtor_list.c.obj (.text:__cxa_ia64_exit)
                  00001412    00000004     driverlib.lib : i2c.obj (.text:I2CMasterControl)
                  00001416    00000004                   : i2c.obj (.text:I2CMasterDataPut)
                  0000141a    00000004     rtsv7M4_T_le_v4SPD16_eabi.lib : pre_init.c.obj (.text:_system_pre_init)
                  0000141e    00000004                                   : exit.c.obj (.text:abort:abort)

.const     0    00001424    000000fc     
                  00001424    00000090     driverlib.lib : gpio.obj (.const:g_pui32GPIOBaseAddrs)
                  000014b4    0000006c                   : sysctl.obj (.const:g_pui32Xtals)

.cinit     0    00001528    00000040     
                  00001528    00000019     (.cinit..data.load) [load image, compression = lzss]
                  00001541    00000003     --HOLE-- [fill = 0]
                  00001544    0000000c     (__TI_handler_table)
                  00001550    00000008     (.cinit..bss.load) [load image, compression = zero_init]
                  00001558    00000010     (__TI_cinit_table)

.init_array 
*          0    00001520    00000004     
                  00001520    00000004     main.obj (.init_array)

.stack     0    20000000    00000200     UNINITIALIZED
                  20000000    00000004     rtsv7M4_T_le_v4SPD16_eabi.lib : boot_cortex_m.c.obj (.stack)
                  20000004    000001fc     --HOLE--

.data      0    20000200    00000028     UNINITIALIZED
                  20000200    0000000c     rtsv7M4_T_le_v4SPD16_eabi.lib : exit.c.obj (.data:$O1$$)
                  2000020c    00000008                                   : _lock.c.obj (.data:$O1$$)
                  20000214    00000008                                   : memory.c.obj (.data:$O1$$)
                  2000021c    00000004     lcdI2C.obj (.data)
                  20000220    00000004     lcdI2C.obj (.data:rows)
                  20000224    00000004     rtsv7M4_T_le_v4SPD16_eabi.lib : dtor_list.c.obj (.data)

.bss       0    20000228    00000016     UNINITIALIZED
                  20000228    00000010     main.obj (.bss:lcd_0)
                  20000238    00000004     (.common:__dso_handle)
                  2000023c    00000001     (.common:aux_0)
                  2000023d    00000001     (.common:aux_1)

.sysmem    0    20000240    00000010     UNINITIALIZED
                  20000240    00000010     rtsv7M4_T_le_v4SPD16_eabi.lib : memory.c.obj (.sysmem)

__llvm_prf_cnts 
*          0    20000000    00000000     UNINITIALIZED

MODULE SUMMARY

       Module                         code   ro data   rw data
       ------                         ----   -------   -------
    ./
       lcdI2C.obj                     1556   0         10     
       tm4c123gh6pm_startup_ccs.obj   12     620       0      
       main.obj                       256    4         16     
    +--+------------------------------+------+---------+---------+
       Total:                         1824   624       26     
                                                              
    /home/omar/ti/ccs1031/ccs/tools/compiler/ti-cgt-arm_20.2.4.LTS/lib/rtsv7M4_T_le_v4SPD16_eabi.lib
       memory.c.obj                   672    0         8      
       dtor_list.c.obj                204    0         8      
       memcpy_t2.asm.obj              156    0         0      
       copy_decompress_lzss.c.obj     104    0         0      
       autoinit.c.obj                 96     0         0      
       exit.c.obj                     76     0         12     
       boot_cortex_m.c.obj            52     0         0      
       copy_zero_init.c.obj           28     0         0      
       copy_decompress_none.c.obj     14     0         0      
       _lock.c.obj                    2      0         8      
       pre_init.c.obj                 4      0         0      
    +--+------------------------------+------+---------+---------+
       Total:                         1408   0         36     
                                                              
    /media/omar/Archivos/Omar/tivaware/driverlib/ccs/Debug/driverlib.lib
       sysctl.obj                     662    108       0      
       gpio.obj                       528    144       0      
       i2c.obj                        110    0         0      
    +--+------------------------------+------+---------+---------+
       Total:                         1300   252       0      
                                                              
       Heap:                          0      0         16     
       Stack:                         0      0         512    
       Linker Generated:              0      61        0      
    +--+------------------------------+------+---------+---------+
       Grand Total:                   4532   937       590    


LINKER GENERATED COPY TABLES

__TI_cinit_table @ 00001558 records: 2, size/record: 8, table size: 16
	.data: load addr=00001528, load size=00000019 bytes, run addr=20000200, run size=00000028 bytes, compression=lzss
	.bss: load addr=00001550, load size=00000008 bytes, run addr=20000228, run size=00000016 bytes, compression=zero_init


LINKER GENERATED HANDLER TABLE

__TI_handler_table @ 00001544 records: 3, size/record: 4, table size: 12
	index: 0, handler: __TI_decompress_lzss
	index: 1, handler: __TI_decompress_none
	index: 2, handler: __TI_zero_init


GLOBAL SYMBOLS: SORTED ALPHABETICALLY BY Name 

address   name                                                              
-------   ----                                                              
0000141f  C$$EXIT                                                           
00001305  GPIODirModeSet                                                    
00000881  GPIOPadConfigSet                                                  
00001101  GPIOPinConfigure                                                  
00001391  GPIOPinTypeI2C                                                    
000013a7  GPIOPinTypeI2CSCL                                                 
000013ef  I2CMasterBusy                                                     
00001413  I2CMasterControl                                                  
00001417  I2CMasterDataPut                                                  
000013e5  I2CMasterEnable                                                   
0000114d  I2CMasterInitExpClk                                               
000013f7  I2CMasterSlaveAddrSet                                             
000013d9  ResetISR                                                          
00001520  SHT$$INIT_ARRAY$$Base                                             
00001524  SHT$$INIT_ARRAY$$Limit                                            
000009ed  SysCtlClockGet                                                    
00000d05  SysCtlClockSet                                                    
00001407  SysCtlDelay                                                       
00001269  SysCtlPeripheralEnable                                            
000010b1  SysCtlPeripheralReset                                             
00000c6d  _Z10configI2C0v                                                   
00001225  _Z23__finalize_destructionsPP20a_needed_destructionPv             
000011e1  _Z25__add_destruction_to_listPP20a_needed_destructionPFYvPvES2_S2_
0000026d  _Z7delayMsj                                                       
0000028b  _Z7delayUsj                                                       
000007dd  _ZN6lcdI2C10LCD_RETURNEv                                          
000004e7  _ZN6lcdI2C11LCD_CMD_I2CEh                                         
00000701  _ZN6lcdI2C12LCD_BLINK_ONEv                                        
0000071b  _ZN6lcdI2C13LCD_BLINK_OFFEv                                       
000006cd  _ZN6lcdI2C13LCD_CURSOR_ONEv                                       
0000062d  _ZN6lcdI2C13LCD_TEXT_LEFTEv                                       
000006e7  _ZN6lcdI2C14LCD_CURSOR_OFFEv                                      
00000699  _ZN6lcdI2C14LCD_DISPLAY_ONEv                                      
000005d9  _ZN6lcdI2C14LCD_PRINT_CHAREh                                      
00000735  _ZN6lcdI2C14LCD_SET_CURSOREhh                                     
000007a5  _ZN6lcdI2C14LCD_SHIFT_LEFTEv                                      
00000647  _ZN6lcdI2C14LCD_TEXT_RIGHTEv                                      
00000817  _ZN6lcdI2C15LCD_CUSTOM_CHAREhPKh                                  
000006b3  _ZN6lcdI2C15LCD_DISPLAY_OFFEv                                     
00000797  _ZN6lcdI2C15LCD_SHIFT_RIGHTEv                                     
000007eb  _ZN6lcdI2C16LCD_BACKLIGHT_ONEv                                    
000005f9  _ZN6lcdI2C16LCD_PRINT_STRINGEPKc                                  
00000801  _ZN6lcdI2C17LCD_BACKLIGHT_OFFEv                                   
00000665  _ZN6lcdI2C20LCD_DISPLAY_SHIFT_ONEv                                
000007c1  _ZN6lcdI2C21LCD_CURSOR_SHIFT_LEFTEv                               
0000067f  _ZN6lcdI2C21LCD_DISPLAY_SHIFT_OFFEv                               
000007b3  _ZN6lcdI2C22LCD_CURSOR_SHIFT_RIGHTEv                              
00000551  _ZN6lcdI2C8LCD_INITEv                                             
00000447  _ZN6lcdI2C8lcd_confEh                                             
000002e1  _ZN6lcdI2C8lcd_sendEhb                                            
000007cf  _ZN6lcdI2C9LCD_CLEAREv                                            
000002a7  _ZN6lcdI2C9backlightEh                                            
000004fd  _ZN6lcdI2CC1Ehjhh                                                 
000004fd  _ZN6lcdI2CC2Ehjhh                                                 
00000541  _ZN6lcdI2CD1Ev                                                    
00000541  _ZN6lcdI2CD2Ev                                                    
20000200  __STACK_END                                                       
00000200  __STACK_SIZE                                                      
20000200  __STACK_TOP                                                       
00000010  __SYSMEM_SIZE                                                     
00001558  __TI_CINIT_Base                                                   
00001568  __TI_CINIT_Limit                                                  
00001544  __TI_Handler_Table_Base                                           
00001550  __TI_Handler_Table_Limit                                          
00001051  __TI_auto_init_nobinit                                            
20000200  __TI_cleanup_ptr                                                  
00000fe9  __TI_decompress_lzss                                              
000013bd  __TI_decompress_none                                              
20000204  __TI_dtors_ptr                                                    
20000208  __TI_enable_exit_profile_output                                   
ffffffff  __TI_pprof_out_hndl                                               
ffffffff  __TI_prof_data_size                                               
ffffffff  __TI_prof_data_start                                              
00000000  __TI_static_base__                                                
00001359  __TI_zero_init_nomemset                                           
0000129d  __aeabi_atexit                                                    
00000edd  __aeabi_memcpy                                                    
00000edd  __aeabi_memcpy4                                                   
00000edd  __aeabi_memcpy8                                                   
ffffffff  __binit__                                                         
ffffffff  __c_args__                                                        
000013cd  __cxa_finalize                                                    
0000140d  __cxa_ia64_exit                                                   
20000238  __dso_handle                                                      
UNDEFED   __mpu_init                                                        
20000000  __stack                                                           
20000000  __start___llvm_prf_cnts                                           
00000cad  __sti___8_main_cpp_09753841                                       
20000000  __stop___llvm_prf_cnts                                            
000012d1  _c_int00_noargs                                                   
2000020c  _lock                                                             
00001267  _nop                                                              
20000240  _sys_memory                                                       
UNDEFED   _system_post_cinit                                                
0000141b  _system_pre_init                                                  
20000210  _unlock                                                           
0000141f  abort                                                             
00000b05  aligned_alloc                                                     
2000023c  aux_0                                                             
2000023d  aux_1                                                             
ffffffff  binit                                                             
2000021c  dUs                                                               
00001199  exit                                                              
00000df9  free                                                              
00000000  g_pfnVectors                                                      
20000228  lcd_0                                                             
00000c05  main                                                              
000013ff  malloc                                                            
00000b05  memalign                                                          
00000edd  memcpy                                                            
20000220  rows                                                              


GLOBAL SYMBOLS: SORTED BY Symbol Address 

address   name                                                              
-------   ----                                                              
00000000  __TI_static_base__                                                
00000000  g_pfnVectors                                                      
00000010  __SYSMEM_SIZE                                                     
00000200  __STACK_SIZE                                                      
0000026d  _Z7delayMsj                                                       
0000028b  _Z7delayUsj                                                       
000002a7  _ZN6lcdI2C9backlightEh                                            
000002e1  _ZN6lcdI2C8lcd_sendEhb                                            
00000447  _ZN6lcdI2C8lcd_confEh                                             
000004e7  _ZN6lcdI2C11LCD_CMD_I2CEh                                         
000004fd  _ZN6lcdI2CC1Ehjhh                                                 
000004fd  _ZN6lcdI2CC2Ehjhh                                                 
00000541  _ZN6lcdI2CD1Ev                                                    
00000541  _ZN6lcdI2CD2Ev                                                    
00000551  _ZN6lcdI2C8LCD_INITEv                                             
000005d9  _ZN6lcdI2C14LCD_PRINT_CHAREh                                      
000005f9  _ZN6lcdI2C16LCD_PRINT_STRINGEPKc                                  
0000062d  _ZN6lcdI2C13LCD_TEXT_LEFTEv                                       
00000647  _ZN6lcdI2C14LCD_TEXT_RIGHTEv                                      
00000665  _ZN6lcdI2C20LCD_DISPLAY_SHIFT_ONEv                                
0000067f  _ZN6lcdI2C21LCD_DISPLAY_SHIFT_OFFEv                               
00000699  _ZN6lcdI2C14LCD_DISPLAY_ONEv                                      
000006b3  _ZN6lcdI2C15LCD_DISPLAY_OFFEv                                     
000006cd  _ZN6lcdI2C13LCD_CURSOR_ONEv                                       
000006e7  _ZN6lcdI2C14LCD_CURSOR_OFFEv                                      
00000701  _ZN6lcdI2C12LCD_BLINK_ONEv                                        
0000071b  _ZN6lcdI2C13LCD_BLINK_OFFEv                                       
00000735  _ZN6lcdI2C14LCD_SET_CURSOREhh                                     
00000797  _ZN6lcdI2C15LCD_SHIFT_RIGHTEv                                     
000007a5  _ZN6lcdI2C14LCD_SHIFT_LEFTEv                                      
000007b3  _ZN6lcdI2C22LCD_CURSOR_SHIFT_RIGHTEv                              
000007c1  _ZN6lcdI2C21LCD_CURSOR_SHIFT_LEFTEv                               
000007cf  _ZN6lcdI2C9LCD_CLEAREv                                            
000007dd  _ZN6lcdI2C10LCD_RETURNEv                                          
000007eb  _ZN6lcdI2C16LCD_BACKLIGHT_ONEv                                    
00000801  _ZN6lcdI2C17LCD_BACKLIGHT_OFFEv                                   
00000817  _ZN6lcdI2C15LCD_CUSTOM_CHAREhPKh                                  
00000881  GPIOPadConfigSet                                                  
000009ed  SysCtlClockGet                                                    
00000b05  aligned_alloc                                                     
00000b05  memalign                                                          
00000c05  main                                                              
00000c6d  _Z10configI2C0v                                                   
00000cad  __sti___8_main_cpp_09753841                                       
00000d05  SysCtlClockSet                                                    
00000df9  free                                                              
00000edd  __aeabi_memcpy                                                    
00000edd  __aeabi_memcpy4                                                   
00000edd  __aeabi_memcpy8                                                   
00000edd  memcpy                                                            
00000fe9  __TI_decompress_lzss                                              
00001051  __TI_auto_init_nobinit                                            
000010b1  SysCtlPeripheralReset                                             
00001101  GPIOPinConfigure                                                  
0000114d  I2CMasterInitExpClk                                               
00001199  exit                                                              
000011e1  _Z25__add_destruction_to_listPP20a_needed_destructionPFYvPvES2_S2_
00001225  _Z23__finalize_destructionsPP20a_needed_destructionPv             
00001267  _nop                                                              
00001269  SysCtlPeripheralEnable                                            
0000129d  __aeabi_atexit                                                    
000012d1  _c_int00_noargs                                                   
00001305  GPIODirModeSet                                                    
00001359  __TI_zero_init_nomemset                                           
00001391  GPIOPinTypeI2C                                                    
000013a7  GPIOPinTypeI2CSCL                                                 
000013bd  __TI_decompress_none                                              
000013cd  __cxa_finalize                                                    
000013d9  ResetISR                                                          
000013e5  I2CMasterEnable                                                   
000013ef  I2CMasterBusy                                                     
000013f7  I2CMasterSlaveAddrSet                                             
000013ff  malloc                                                            
00001407  SysCtlDelay                                                       
0000140d  __cxa_ia64_exit                                                   
00001413  I2CMasterControl                                                  
00001417  I2CMasterDataPut                                                  
0000141b  _system_pre_init                                                  
0000141f  C$$EXIT                                                           
0000141f  abort                                                             
00001520  SHT$$INIT_ARRAY$$Base                                             
00001524  SHT$$INIT_ARRAY$$Limit                                            
00001544  __TI_Handler_Table_Base                                           
00001550  __TI_Handler_Table_Limit                                          
00001558  __TI_CINIT_Base                                                   
00001568  __TI_CINIT_Limit                                                  
20000000  __stack                                                           
20000000  __start___llvm_prf_cnts                                           
20000000  __stop___llvm_prf_cnts                                            
20000200  __STACK_END                                                       
20000200  __STACK_TOP                                                       
20000200  __TI_cleanup_ptr                                                  
20000204  __TI_dtors_ptr                                                    
20000208  __TI_enable_exit_profile_output                                   
2000020c  _lock                                                             
20000210  _unlock                                                           
2000021c  dUs                                                               
20000220  rows                                                              
20000228  lcd_0                                                             
20000238  __dso_handle                                                      
2000023c  aux_0                                                             
2000023d  aux_1                                                             
20000240  _sys_memory                                                       
ffffffff  __TI_pprof_out_hndl                                               
ffffffff  __TI_prof_data_size                                               
ffffffff  __TI_prof_data_start                                              
ffffffff  __binit__                                                         
ffffffff  __c_args__                                                        
ffffffff  binit                                                             
UNDEFED   __mpu_init                                                        
UNDEFED   _system_post_cinit                                                

[111 symbols]
